Archive member included to satisfy reference by file (symbol)

c:/program files (x86)/gnu tools arm embedded/5.4 2016q2/bin/../lib/gcc/arm-none-eabi/5.4.1/armv7-m\libgcc.a(unwind-arm.o)
                              ./system/src/newlib/cxx.o (__aeabi_unwind_cpp_pr1)
c:/program files (x86)/gnu tools arm embedded/5.4 2016q2/bin/../lib/gcc/arm-none-eabi/5.4.1/armv7-m\libgcc.a(libunwind.o)
                              c:/program files (x86)/gnu tools arm embedded/5.4 2016q2/bin/../lib/gcc/arm-none-eabi/5.4.1/armv7-m\libgcc.a(unwind-arm.o) (restore_core_regs)
c:/program files (x86)/gnu tools arm embedded/5.4 2016q2/bin/../lib/gcc/arm-none-eabi/5.4.1/armv7-m\libgcc.a(pr-support.o)
                              c:/program files (x86)/gnu tools arm embedded/5.4 2016q2/bin/../lib/gcc/arm-none-eabi/5.4.1/armv7-m\libgcc.a(unwind-arm.o) (__gnu_unwind_execute)
c:/program files (x86)/gnu tools arm embedded/5.4 2016q2/bin/../lib/gcc/arm-none-eabi/5.4.1/../../../../arm-none-eabi/lib/armv7-m\libg_nano.a(lib_a-errno.o)
                              ./system/src/newlib/sbrk.o (__errno)
c:/program files (x86)/gnu tools arm embedded/5.4 2016q2/bin/../lib/gcc/arm-none-eabi/5.4.1/../../../../arm-none-eabi/lib/armv7-m\libg_nano.a(lib_a-impure.o)
                              c:/program files (x86)/gnu tools arm embedded/5.4 2016q2/bin/../lib/gcc/arm-none-eabi/5.4.1/../../../../arm-none-eabi/lib/armv7-m\libg_nano.a(lib_a-errno.o) (_impure_ptr)
c:/program files (x86)/gnu tools arm embedded/5.4 2016q2/bin/../lib/gcc/arm-none-eabi/5.4.1/../../../../arm-none-eabi/lib/armv7-m\libg_nano.a(lib_a-memcpy-stub.o)
                              c:/program files (x86)/gnu tools arm embedded/5.4 2016q2/bin/../lib/gcc/arm-none-eabi/5.4.1/armv7-m\libgcc.a(unwind-arm.o) (memcpy)
c:/program files (x86)/gnu tools arm embedded/5.4 2016q2/bin/../lib/gcc/arm-none-eabi/5.4.1/../../../../arm-none-eabi/lib/armv7-m\libg_nano.a(lib_a-strlen.o)
                              ./system/src/diag/trace.o (strlen)
c:/program files (x86)/gnu tools arm embedded/5.4 2016q2/bin/../lib/gcc/arm-none-eabi/5.4.1/../../../../arm-none-eabi/lib/armv7-m\libg_nano.a(lib_a-vsnprintf.o)
                              ./system/src/diag/trace.o (vsnprintf)
c:/program files (x86)/gnu tools arm embedded/5.4 2016q2/bin/../lib/gcc/arm-none-eabi/5.4.1/../../../../arm-none-eabi/lib/armv7-m\libg_nano.a(lib_a-nano-svfprintf.o)
                              c:/program files (x86)/gnu tools arm embedded/5.4 2016q2/bin/../lib/gcc/arm-none-eabi/5.4.1/../../../../arm-none-eabi/lib/armv7-m\libg_nano.a(lib_a-vsnprintf.o) (_svfprintf_r)
c:/program files (x86)/gnu tools arm embedded/5.4 2016q2/bin/../lib/gcc/arm-none-eabi/5.4.1/../../../../arm-none-eabi/lib/armv7-m\libg_nano.a(lib_a-nano-vfprintf_i.o)
                              c:/program files (x86)/gnu tools arm embedded/5.4 2016q2/bin/../lib/gcc/arm-none-eabi/5.4.1/../../../../arm-none-eabi/lib/armv7-m\libg_nano.a(lib_a-nano-svfprintf.o) (_printf_i)
c:/program files (x86)/gnu tools arm embedded/5.4 2016q2/bin/../lib/gcc/arm-none-eabi/5.4.1/../../../../arm-none-eabi/lib/armv7-m\libg_nano.a(lib_a-memchr-stub.o)
                              c:/program files (x86)/gnu tools arm embedded/5.4 2016q2/bin/../lib/gcc/arm-none-eabi/5.4.1/../../../../arm-none-eabi/lib/armv7-m\libg_nano.a(lib_a-nano-svfprintf.o) (memchr)
c:/program files (x86)/gnu tools arm embedded/5.4 2016q2/bin/../lib/gcc/arm-none-eabi/5.4.1/../../../../arm-none-eabi/lib/armv7-m\libg_nano.a(lib_a-memmove.o)
                              c:/program files (x86)/gnu tools arm embedded/5.4 2016q2/bin/../lib/gcc/arm-none-eabi/5.4.1/../../../../arm-none-eabi/lib/armv7-m\libg_nano.a(lib_a-nano-svfprintf.o) (memmove)
c:/program files (x86)/gnu tools arm embedded/5.4 2016q2/bin/../lib/gcc/arm-none-eabi/5.4.1/../../../../arm-none-eabi/lib/armv7-m\libg_nano.a(lib_a-nano-freer.o)
                              c:/program files (x86)/gnu tools arm embedded/5.4 2016q2/bin/../lib/gcc/arm-none-eabi/5.4.1/../../../../arm-none-eabi/lib/armv7-m\libg_nano.a(lib_a-nano-svfprintf.o) (_free_r)
c:/program files (x86)/gnu tools arm embedded/5.4 2016q2/bin/../lib/gcc/arm-none-eabi/5.4.1/../../../../arm-none-eabi/lib/armv7-m\libg_nano.a(lib_a-nano-mallocr.o)
                              c:/program files (x86)/gnu tools arm embedded/5.4 2016q2/bin/../lib/gcc/arm-none-eabi/5.4.1/../../../../arm-none-eabi/lib/armv7-m\libg_nano.a(lib_a-nano-svfprintf.o) (_malloc_r)
c:/program files (x86)/gnu tools arm embedded/5.4 2016q2/bin/../lib/gcc/arm-none-eabi/5.4.1/../../../../arm-none-eabi/lib/armv7-m\libg_nano.a(lib_a-nano-reallocr.o)
                              c:/program files (x86)/gnu tools arm embedded/5.4 2016q2/bin/../lib/gcc/arm-none-eabi/5.4.1/../../../../arm-none-eabi/lib/armv7-m\libg_nano.a(lib_a-nano-svfprintf.o) (_realloc_r)
c:/program files (x86)/gnu tools arm embedded/5.4 2016q2/bin/../lib/gcc/arm-none-eabi/5.4.1/../../../../arm-none-eabi/lib/armv7-m\libg_nano.a(lib_a-sbrkr.o)
[...]
Memory Configuration

Name             Origin             Length             Attributes
FLASH            0x00000000         0x00020000         xr
RAM              0x20000000         0x00005000         xrw
CCMRAM           0x10000000         0x00000000         xrw
FLASHB1          0x00000000         0x00000000         xr
EXTMEMB0         0x00000000         0x00000000         xr
EXTMEMB1         0x00000000         0x00000000         xr
EXTMEMB2         0x00000000         0x00000000         xr
EXTMEMB3         0x00000000         0x00000000         xr
*default*        0x00000000         0xffffffff

Linker script and memory map

LOAD ./system/src/newlib/assert.o
LOAD ./system/src/newlib/cxx.o
LOAD ./system/src/newlib/exit.o
LOAD ./system/src/newlib/sbrk.o
LOAD ./system/src/newlib/startup.o
LOAD ./system/src/newlib/syscalls.o
LOAD ./system/src/diag/trace-impl.o
LOAD ./system/src/diag/trace.o
LOAD ./system/src/cortexm/exception-handlers.o
LOAD ./system/src/cortexm/initialize-hardware.o
LOAD ./system/src/cortexm/reset-hardware.o
LOAD ./system/src/cmsis/system_DEVICE.o
LOAD ./system/src/cmsis/vectors_DEVICE.o
LOAD ./src/main.o
LOAD ./src/timer.o
LOAD ./src/write.o
LOAD c:/program files (x86)/gnu tools arm embedded/5.4 2016q2/bin/../lib/gcc/arm-none-eabi/5.4.1/../../../../arm-none-eabi/lib/armv7-m\libstdc++_nano.a
LOAD c:/program files (x86)/gnu tools arm embedded/5.4 2016q2/bin/../lib/gcc/arm-none-eabi/5.4.1/../../../../arm-none-eabi/lib/armv7-m\libm.a
START GROUP
LOAD c:/program files (x86)/gnu tools arm embedded/5.4 2016q2/bin/../lib/gcc/arm-none-eabi/5.4.1/armv7-m\libgcc.a
LOAD c:/program files (x86)/gnu tools arm embedded/5.4 2016q2/bin/../lib/gcc/arm-none-eabi/5.4.1/../../../../arm-none-eabi/lib/armv7-m\libg_nano.a
LOAD c:/program files (x86)/gnu tools arm embedded/5.4 2016q2/bin/../lib/gcc/arm-none-eabi/5.4.1/../../../../arm-none-eabi/lib/armv7-m\libc_nano.a
END GROUP
START GROUP
LOAD c:/program files (x86)/gnu tools arm embedded/5.4 2016q2/bin/../lib/gcc/arm-none-eabi/5.4.1/armv7-m\libgcc.a
LOAD c:/program files (x86)/gnu tools arm embedded/5.4 2016q2/bin/../lib/gcc/arm-none-eabi/5.4.1/../../../../arm-none-eabi/lib/armv7-m\libc_nano.a
END GROUP
                0x20005000                __stack = (ORIGIN (RAM) + LENGTH (RAM))
                0x20005000                _estack = __stack
                0x00000400                __Main_Stack_Size = 0x400
                [!provide]                PROVIDE (_Main_Stack_Size, __Main_Stack_Size)
                0x20004c00                __Main_Stack_Limit = (__stack - __Main_Stack_Size)
                [!provide]                PROVIDE (_Main_Stack_Limit, __Main_Stack_Limit)
                0x00000100                _Minimum_Stack_Size = 0x100
                0x20000118                PROVIDE (_Heap_Begin, _end_noinit)
                0x20004c00                PROVIDE (_Heap_Limit, (__stack - __Main_Stack_Size))

.isr_vector     0x00000000      0x28c
 FILL mask 0xff
                0x00000000                __vectors_start = ABSOLUTE (.)
                0x00000000                __vectors_start__ = ABSOLUTE (.)
 *(.isr_vector)
 .isr_vector    0x00000000       0x44 ./system/src/cmsis/vectors_DEVICE.o
                0x00000000                __isr_vectors
 *(.cfmconfig)
 *(.after_vectors .after_vectors.*)
 .after_vectors
                0x00000044      0x114 ./system/src/newlib/startup.o
                0x00000044                _start
 .after_vectors
                0x00000158      0x130 ./system/src/cortexm/exception-handlers.o
                0x00000158                Reset_Handler
                0x00000160                NMI_Handler
                0x00000164                HardFault_Handler
                0x00000178                HardFault_Handler_C
                0x000001d8                MemManage_Handler
                0x000001dc                BusFault_Handler
                0x000001f0                BusFault_Handler_C
                0x00000224                UsageFault_Handler
                0x00000238                UsageFault_Handler_C
                0x0000026c                SVC_Handler
                0x00000270                DebugMon_Handler
                0x00000274                PendSV_Handler
 .after_vectors
                0x00000288        0x4 ./system/src/cmsis/vectors_DEVICE.o
                0x00000288                Default_Handler
                0x00000288                DeviceInterrupt_Handler

.inits          0x0000028c       0x28
                0x0000028c                __data_regions_array_start = .
                0x0000028c        0x4 LONG 0xf2c LOADADDR (.data)
                0x00000290        0x4 LONG 0x20000000 ADDR (.data)
                0x00000294        0x4 LONG 0x20000078 (ADDR (.data) + SIZEOF (.data))
                0x00000298        0x4 LONG 0xf2c LOADADDR (.data_CCMRAM)
                0x0000029c        0x4 LONG 0x10000000 ADDR (.data_CCMRAM)
                0x000002a0        0x4 LONG 0x10000000 (ADDR (.data_CCMRAM) + SIZEOF (.data_CCMRAM))
                0x000002a4                __data_regions_array_end = .
                0x000002a4                __bss_regions_array_start = .
                0x000002a4        0x4 LONG 0x20000078 ADDR (.bss)
                0x000002a8        0x4 LONG 0x20000118 (ADDR (.bss) + SIZEOF (.bss))
                0x000002ac        0x4 LONG 0x10000000 ADDR (.bss_CCMRAM)
                0x000002b0        0x4 LONG 0x10000000 (ADDR (.bss_CCMRAM) + SIZEOF (.bss_CCMRAM))
                0x000002b4                __bss_regions_array_end = .
 *(.init)
 *(.fini)
                0x000002b4                . = ALIGN (0x4)
                0x000002b4                PROVIDE (__preinit_array_start, .)
 *(.preinit_array_sysinit .preinit_array_sysinit.*)
 *(.preinit_array_platform .preinit_array_platform.*)
 *(.preinit_array .preinit_array.*)
                0x000002b4                PROVIDE (__preinit_array_end, .)
                0x000002b4                . = ALIGN (0x4)
                0x000002b4                PROVIDE (__init_array_start, .)
 *(SORT(.init_array.*))
 *(.init_array)
                0x000002b4                PROVIDE (__init_array_end, .)
                0x000002b4                . = ALIGN (0x4)
                0x000002b4                PROVIDE (__fini_array_start, .)
 *(SORT(.fini_array.*))
 *(.fini_array)
                0x000002b4                PROVIDE (__fini_array_end, .)

.flashtext
 *(.flashtext .flashtext.*)

.text           0x000002b4      0xc75
 *(.text .text.*)
 .text._exit    0x000002b4        0x4 ./system/src/newlib/exit.o
                0x000002b4                _exit
 .text._sbrk    0x000002b8       0x44 ./system/src/newlib/sbrk.o
                0x000002b8                _sbrk
 .text.__initialize_args
                0x000002fc       0x10 ./system/src/newlib/syscalls.o
                0x000002fc                __initialize_args
 .text._trace_write_semihosting_debug
                0x0000030c       0x64 ./system/src/diag/trace-impl.o
 .text.trace_write
                0x00000370        0x8 ./system/src/diag/trace-impl.o
                0x00000370                trace_write
 .text.trace_printf
                0x00000378       0x30 ./system/src/diag/trace.o
                0x00000378                trace_printf
 .text.dumpExceptionStack
                0x000003a8       0xf0 ./system/src/cortexm/exception-handlers.o
                0x000003a8                dumpExceptionStack
 .text.isSemihosting
                0x00000498       0x20 ./system/src/cortexm/exception-handlers.o
                0x00000498                isSemihosting
 .text.__initialize_hardware_early
                0x000004b8       0x18 ./system/src/cortexm/initialize-hardware.o
                0x000004b8                __initialize_hardware_early
 .text.__initialize_hardware
                0x000004d0        0x8 ./system/src/cortexm/initialize-hardware.o
                0x000004d0                __initialize_hardware
 .text.SystemCoreClockUpdate
                0x000004d8       0x10 ./system/src/cmsis/system_DEVICE.o
                0x000004d8                SystemCoreClockUpdate
 .text.SystemInit
                0x000004e8       0x10 ./system/src/cmsis/system_DEVICE.o
                0x000004e8                SystemInit
 .text.main     0x000004f8        0x4 ./src/main.o
                0x000004f8                main
 .text.timer_tick
                0x000004fc       0x14 ./src/timer.o
                0x000004fc                timer_tick
 .text.SysTick_Handler
                0x00000510        0x8 ./src/timer.o
                0x00000510                SysTick_Handler
 .text.__errno  0x00000518        0xc c:/program files (x86)/gnu tools arm embedded/5.4 2016q2/bin/../lib/gcc/arm-none-eabi/5.4.1/../../../../arm-none-eabi/lib/armv7-m\libg_nano.a(lib_a-errno.o)
                0x00000518                __errno
 .text.memcpy   0x00000524       0x16 c:/program files (x86)/gnu tools arm embedded/5.4 2016q2/bin/../lib/gcc/arm-none-eabi/5.4.1/../../../../arm-none-eabi/lib/armv7-m\libg_nano.a(lib_a-memcpy-stub.o)
                0x00000524                memcpy
 .text._vsnprintf_r
                0x0000053a       0x56 c:/program files (x86)/gnu tools arm embedded/5.4 2016q2/bin/../lib/gcc/arm-none-eabi/5.4.1/../../../../arm-none-eabi/lib/armv7-m\libg_nano.a(lib_a-vsnprintf.o)
                0x0000053a                _vsniprintf_r
                0x0000053a                _vsnprintf_r
 .text.vsnprintf
                0x00000590       0x1c c:/program files (x86)/gnu tools arm embedded/5.4 2016q2/bin/../lib/gcc/arm-none-eabi/5.4.1/../../../../arm-none-eabi/lib/armv7-m\libg_nano.a(lib_a-vsnprintf.o)
                0x00000590                vsniprintf
                0x00000590                vsnprintf
 .text.__ssputs_r
                0x000005ac       0xb2 c:/program files (x86)/gnu tools arm embedded/5.4 2016q2/bin/../lib/gcc/arm-none-eabi/5.4.1/../../../../arm-none-eabi/lib/armv7-m\libg_nano.a(lib_a-nano-svfprintf.o)
                0x000005ac                __ssputs_r
 *fill*         0x0000065e        0x2 
 .text._svfprintf_r
                0x00000660      0x1e8 c:/program files (x86)/gnu tools arm embedded/5.4 2016q2/bin/../lib/gcc/arm-none-eabi/5.4.1/../../../../arm-none-eabi/lib/armv7-m\libg_nano.a(lib_a-nano-svfprintf.o)
                0x00000660                _svfiprintf_r
                0x00000660                _svfprintf_r
 .text._printf_common
                0x00000848       0xec c:/program files (x86)/gnu tools arm embedded/5.4 2016q2/bin/../lib/gcc/arm-none-eabi/5.4.1/../../../../arm-none-eabi/lib/armv7-m\libg_nano.a(lib_a-nano-vfprintf_i.o)
                0x00000848                _printf_common
 .text._printf_i
                0x00000934      0x24c c:/program files (x86)/gnu tools arm embedded/5.4 2016q2/bin/../lib/gcc/arm-none-eabi/5.4.1/../../../../arm-none-eabi/lib/armv7-m\libg_nano.a(lib_a-nano-vfprintf_i.o)
                0x00000934                _printf_i
 .text.memchr   0x00000b80       0x1c c:/program files (x86)/gnu tools arm embedded/5.4 2016q2/bin/../lib/gcc/arm-none-eabi/5.4.1/../../../../arm-none-eabi/lib/armv7-m\libg_nano.a(lib_a-memchr-stub.o)
                0x00000b80                memchr
 .text.memmove  0x00000b9c       0x36 c:/program files (x86)/gnu tools arm embedded/5.4 2016q2/bin/../lib/gcc/arm-none-eabi/5.4.1/../../../../arm-none-eabi/lib/armv7-m\libg_nano.a(lib_a-memmove.o)
                0x00000b9c                memmove
 *fill*         0x00000bd2        0x2 
 .text._free_r  0x00000bd4       0x98 c:/program files (x86)/gnu tools arm embedded/5.4 2016q2/bin/../lib/gcc/arm-none-eabi/5.4.1/../../../../arm-none-eabi/lib/armv7-m\libg_nano.a(lib_a-nano-freer.o)
                0x00000bd4                _free_r
 .text._malloc_r
                0x00000c6c       0xbc c:/program files (x86)/gnu tools arm embedded/5.4 2016q2/bin/../lib/gcc/arm-none-eabi/5.4.1/../../../../arm-none-eabi/lib/armv7-m\libg_nano.a(lib_a-nano-mallocr.o)
                0x00000c6c                _malloc_r
 .text._realloc_r
                0x00000d28       0x4c c:/program files (x86)/gnu tools arm embedded/5.4 2016q2/bin/../lib/gcc/arm-none-eabi/5.4.1/../../../../arm-none-eabi/lib/armv7-m\libg_nano.a(lib_a-nano-reallocr.o)
                0x00000d28                _realloc_r
 .text._sbrk_r  0x00000d74       0x20 c:/program files (x86)/gnu tools arm embedded/5.4 2016q2/bin/../lib/gcc/arm-none-eabi/5.4.1/../../../../arm-none-eabi/lib/armv7-m\libg_nano.a(lib_a-sbrkr.o)
                0x00000d74                _sbrk_r
 .text.__malloc_lock
                0x00000d94        0x2 c:/program files (x86)/gnu tools arm embedded/5.4 2016q2/bin/../lib/gcc/arm-none-eabi/5.4.1/../../../../arm-none-eabi/lib/armv7-m\libg_nano.a(lib_a-mlock.o)
                0x00000d94                __malloc_lock
 .text.__malloc_unlock
                0x00000d96        0x2 c:/program files (x86)/gnu tools arm embedded/5.4 2016q2/bin/../lib/gcc/arm-none-eabi/5.4.1/../../../../arm-none-eabi/lib/armv7-m\libg_nano.a(lib_a-mlock.o)
                0x00000d96                __malloc_unlock
 .text._malloc_usable_size_r
                0x00000d98       0x14 c:/program files (x86)/gnu tools arm embedded/5.4 2016q2/bin/../lib/gcc/arm-none-eabi/5.4.1/../../../../arm-none-eabi/lib/armv7-m\libg_nano.a(lib_a-nano-msizer.o)
                0x00000d98                _malloc_usable_size_r
 *(.rodata .rodata.* .constdata .constdata.*)
 .rodata.str1.4
                0x00000dac      0x148 ./system/src/cortexm/exception-handlers.o
                                0x146 (size before relaxing)
 .rodata.str1.1
                0x00000ef4        0x2 c:/program files (x86)/gnu tools arm embedded/5.4 2016q2/bin/../lib/gcc/arm-none-eabi/5.4.1/../../../../arm-none-eabi/lib/armv7-m\libg_nano.a(lib_a-impure.o)
 .rodata.str1.1
                0x00000ef6       0x11 c:/program files (x86)/gnu tools arm embedded/5.4 2016q2/bin/../lib/gcc/arm-none-eabi/5.4.1/../../../../arm-none-eabi/lib/armv7-m\libg_nano.a(lib_a-nano-svfprintf.o)
 .rodata.str1.1
                0x00000f07       0x22 c:/program files (x86)/gnu tools arm embedded/5.4 2016q2/bin/../lib/gcc/arm-none-eabi/5.4.1/../../../../arm-none-eabi/lib/armv7-m\libg_nano.a(lib_a-nano-vfprintf_i.o)
 *(vtable)
 *(.eh_frame*)
 *(.glue_7)
 .glue_7        0x00000f29        0x0 linker stubs
 *(.glue_7t)
 .glue_7t       0x00000f29        0x0 linker stubs

.vfp11_veneer   0x00000f2c        0x0
 .vfp11_veneer  0x00000f2c        0x0 linker stubs

.v4_bx          0x00000f2c        0x0
 .v4_bx         0x00000f2c        0x0 linker stubs

.iplt           0x00000f2c        0x0
 .iplt          0x00000f2c        0x0 ./system/src/newlib/assert.o

.rel.dyn        0x00000f2c        0x0
 .rel.iplt      0x00000f2c        0x0 ./system/src/newlib/assert.o

.ARM.extab
 *(.ARM.extab* .gnu.linkonce.armextab.*)
                0x00000f2c                . = ALIGN (0x4)
                0x00000f2c                __exidx_start = .

.ARM.exidx
 *(.ARM.exidx* .gnu.linkonce.armexidx.*)
                0x00000f2c                __exidx_end = .
                0x00000f2c                . = ALIGN (0x4)
                0x00000f2c                _etext = .
                0x00000f2c                __etext = .

.data_CCMRAM    0x10000000        0x0 load address 0x00000f2c
 FILL mask 0xff
 *(.data.CCMRAM .data.CCMRAM.*)
                0x10000000                . = ALIGN (0x4)
                0x00000f2c                _sidata = LOADADDR (.data)

.data           0x20000000       0x78 load address 0x00000f2c
 FILL mask 0xff
                0x20000000                _sdata = .
                0x20000000                __data_start__ = .
 *(.data_begin .data_begin.*)
 .data_begin    0x20000000        0x4 ./system/src/newlib/startup.o
 *(.data .data.*)
 .data.argv.4282
                0x20000004        0x8 ./system/src/newlib/syscalls.o
 .data.SystemCoreClock
                0x2000000c        0x4 ./system/src/cmsis/system_DEVICE.o
                0x2000000c                SystemCoreClock
 .data.impure_data
                0x20000010       0x60 c:/program files (x86)/gnu tools arm embedded/5.4 2016q2/bin/../lib/gcc/arm-none-eabi/5.4.1/../../../../arm-none-eabi/lib/armv7-m\libg_nano.a(lib_a-impure.o)
 .data._impure_ptr
                0x20000070        0x4 c:/program files (x86)/gnu tools arm embedded/5.4 2016q2/bin/../lib/gcc/arm-none-eabi/5.4.1/../../../../arm-none-eabi/lib/armv7-m\libg_nano.a(lib_a-impure.o)
                0x20000070                _impure_ptr
 *(.data_end .data_end.*)
 .data_end      0x20000074        0x4 ./system/src/newlib/startup.o
                0x20000078                . = ALIGN (0x4)
                0x20000078                _edata = .
                0x20000078                __data_end__ = .

.igot.plt       0x20000078        0x0 load address 0x00000fa4
 .igot.plt      0x20000078        0x0 ./system/src/newlib/assert.o

.bss_CCMRAM     0x10000000        0x0
 *(.bss.CCMRAM .bss.CCMRAM.*)

.bss            0x20000078       0xa0
                0x20000078                __bss_start__ = .
                0x20000078                _sbss = .
 *(.bss_begin .bss_begin.*)
 .bss_begin     0x20000078        0x4 ./system/src/newlib/startup.o
 *(.bss .bss.*)
 .bss.current_heap_end.3973
                0x2000007c        0x4 ./system/src/newlib/sbrk.o
 .bss.name.4281
                0x20000080        0x1 ./system/src/newlib/syscalls.o
 *fill*         0x20000081        0x3 
 .bss.buf.5165  0x20000084       0x80 ./system/src/diag/trace.o
 .bss.__malloc_sbrk_start
                0x20000104        0x4 c:/program files (x86)/gnu tools arm embedded/5.4 2016q2/bin/../lib/gcc/arm-none-eabi/5.4.1/../../../../arm-none-eabi/lib/armv7-m\libg_nano.a(lib_a-nano-mallocr.o)
                0x20000104                __malloc_sbrk_start
 .bss.__malloc_free_list
                0x20000108        0x4 c:/program files (x86)/gnu tools arm embedded/5.4 2016q2/bin/../lib/gcc/arm-none-eabi/5.4.1/../../../../arm-none-eabi/lib/armv7-m\libg_nano.a(lib_a-nano-mallocr.o)
                0x20000108                __malloc_free_list
 *(COMMON)
 COMMON         0x2000010c        0x4 ./system/src/newlib/syscalls.o
                0x2000010c                errno
 COMMON         0x20000110        0x4 ./src/timer.o
                0x20000110                timer_delayCount
 *(.bss_end .bss_end.*)
 .bss_end       0x20000114        0x4 ./system/src/newlib/startup.o
                0x20000118                . = ALIGN (0x4)
                0x20000118                __bss_end__ = .
                0x20000118                _ebss = .

.noinit_CCMRAM
 *(.noinit.CCMRAM .noinit.CCMRAM.*)

.noinit         0x20000118        0x0
                0x20000118                _noinit = .
 *(.noinit .noinit.*)
                0x20000118                . = ALIGN (0x4)
                0x20000118                _end_noinit = .
                [!provide]                PROVIDE (end, _end_noinit)
                [!provide]                PROVIDE (_end, _end_noinit)
                [!provide]                PROVIDE (__end, _end_noinit)
                [!provide]                PROVIDE (__end__, _end_noinit)

._check_stack   0x20000118      0x100
                0x20000218                . = (. + _Minimum_Stack_Size)
 *fill*         0x20000118      0x100 

.b1text
 *(.b1text)
 *(.b1rodata)
 *(.b1rodata.*)

.eb0text
 *(.eb0text)
 *(.eb0rodata)
 *(.eb0rodata.*)

.eb1text
 *(.eb1text)
 *(.eb1rodata)
 *(.eb1rodata.*)

.eb2text
 *(.eb2text)
 *(.eb2rodata)
 *(.eb2rodata.*)

.eb3text
 *(.eb3text)
 *(.eb3rodata)
 *(.eb3rodata.*)

.stab
 *(.stab)

.stabstr
 *(.stabstr)

.stab.excl
 *(.stab.excl)

.stab.exclstr
 *(.stab.exclstr)

.stab.index
 *(.stab.index)

.stab.indexstr
 *(.stab.indexstr)

.comment        0x00000000       0x6e
 *(.comment)
 .comment       0x00000000       0x6e ./system/src/newlib/exit.o
                                 0x6f (size before relaxing)
 .comment       0x0000006e       0x6f ./system/src/newlib/sbrk.o
 .comment       0x0000006e       0x6f ./system/src/newlib/startup.o
 .comment       0x0000006e       0x6f ./system/src/newlib/syscalls.o
 .comment       0x0000006e       0x6f ./system/src/diag/trace-impl.o
 .comment       0x0000006e       0x6f ./system/src/diag/trace.o
 .comment       0x0000006e       0x6f ./system/src/cortexm/exception-handlers.o
 .comment       0x0000006e       0x6f ./system/src/cortexm/initialize-hardware.o
 .comment       0x0000006e       0x6f ./system/src/cmsis/system_DEVICE.o
 .comment       0x0000006e       0x6f ./system/src/cmsis/vectors_DEVICE.o
 .comment       0x0000006e       0x6f ./src/main.o
 .comment       0x0000006e       0x6f ./src/timer.o

.ARM.attributes
                0x00000000       0x31
 .ARM.attributes
                0x00000000       0x33 ./system/src/newlib/exit.o
 .ARM.attributes
                0x00000033       0x33 ./system/src/newlib/sbrk.o
 .ARM.attributes
                0x00000066       0x33 ./system/src/newlib/startup.o
 .ARM.attributes
                0x00000099       0x33 ./system/src/newlib/syscalls.o
 .ARM.attributes
                0x000000cc       0x33 ./system/src/diag/trace-impl.o
 .ARM.attributes
                0x000000ff       0x33 ./system/src/diag/trace.o
 .ARM.attributes
                0x00000132       0x33 ./system/src/cortexm/exception-handlers.o
 .ARM.attributes
                0x00000165       0x33 ./system/src/cortexm/initialize-hardware.o
 .ARM.attributes
                0x00000198       0x33 ./system/src/cmsis/system_DEVICE.o
 .ARM.attributes
                0x000001cb       0x33 ./system/src/cmsis/vectors_DEVICE.o
 .ARM.attributes
                0x000001fe       0x33 ./src/main.o
 .ARM.attributes
                0x00000231       0x33 ./src/timer.o
 .ARM.attributes
                0x00000264       0x2d c:/program files (x86)/gnu tools arm embedded/5.4 2016q2/bin/../lib/gcc/arm-none-eabi/5.4.1/../../../../arm-none-eabi/lib/armv7-m\libg_nano.a(lib_a-errno.o)
 .ARM.attributes
                0x00000291       0x2d c:/program files (x86)/gnu tools arm embedded/5.4 2016q2/bin/../lib/gcc/arm-none-eabi/5.4.1/../../../../arm-none-eabi/lib/armv7-m\libg_nano.a(lib_a-impure.o)
 .ARM.attributes
                0x000002be       0x2d c:/program files (x86)/gnu tools arm embedded/5.4 2016q2/bin/../lib/gcc/arm-none-eabi/5.4.1/../../../../arm-none-eabi/lib/armv7-m\libg_nano.a(lib_a-memcpy-stub.o)
 .ARM.attributes
                0x000002eb       0x2d c:/program files (x86)/gnu tools arm embedded/5.4 2016q2/bin/../lib/gcc/arm-none-eabi/5.4.1/../../../../arm-none-eabi/lib/armv7-m\libg_nano.a(lib_a-vsnprintf.o)
 .ARM.attributes
                0x00000318       0x2d c:/program files (x86)/gnu tools arm embedded/5.4 2016q2/bin/../lib/gcc/arm-none-eabi/5.4.1/../../../../arm-none-eabi/lib/armv7-m\libg_nano.a(lib_a-nano-svfprintf.o)
 .ARM.attributes
                0x00000345       0x2d c:/program files (x86)/gnu tools arm embedded/5.4 2016q2/bin/../lib/gcc/arm-none-eabi/5.4.1/../../../../arm-none-eabi/lib/armv7-m\libg_nano.a(lib_a-nano-vfprintf_i.o)
 .ARM.attributes
                0x00000372       0x2d c:/program files (x86)/gnu tools arm embedded/5.4 2016q2/bin/../lib/gcc/arm-none-eabi/5.4.1/../../../../arm-none-eabi/lib/armv7-m\libg_nano.a(lib_a-memchr-stub.o)
 .ARM.attributes
                0x0000039f       0x2d c:/program files (x86)/gnu tools arm embedded/5.4 2016q2/bin/../lib/gcc/arm-none-eabi/5.4.1/../../../../arm-none-eabi/lib/armv7-m\libg_nano.a(lib_a-memmove.o)
 .ARM.attributes
                0x000003cc       0x2d c:/program files (x86)/gnu tools arm embedded/5.4 2016q2/bin/../lib/gcc/arm-none-eabi/5.4.1/../../../../arm-none-eabi/lib/armv7-m\libg_nano.a(lib_a-nano-freer.o)
 .ARM.attributes
                0x000003f9       0x2d c:/program files (x86)/gnu tools arm embedded/5.4 2016q2/bin/../lib/gcc/arm-none-eabi/5.4.1/../../../../arm-none-eabi/lib/armv7-m\libg_nano.a(lib_a-nano-mallocr.o)
 .ARM.attributes
                0x00000426       0x2d c:/program files (x86)/gnu tools arm embedded/5.4 2016q2/bin/../lib/gcc/arm-none-eabi/5.4.1/../../../../arm-none-eabi/lib/armv7-m\libg_nano.a(lib_a-nano-reallocr.o)
 .ARM.attributes
                0x00000453       0x2d c:/program files (x86)/gnu tools arm embedded/5.4 2016q2/bin/../lib/gcc/arm-none-eabi/5.4.1/../../../../arm-none-eabi/lib/armv7-m\libg_nano.a(lib_a-sbrkr.o)
 .ARM.attributes
                0x00000480       0x2d c:/program files (x86)/gnu tools arm embedded/5.4 2016q2/bin/../lib/gcc/arm-none-eabi/5.4.1/../../../../arm-none-eabi/lib/armv7-m\libg_nano.a(lib_a-mlock.o)
 .ARM.attributes
                0x000004ad       0x2d c:/program files (x86)/gnu tools arm embedded/5.4 2016q2/bin/../lib/gcc/arm-none-eabi/5.4.1/../../../../arm-none-eabi/lib/armv7-m\libg_nano.a(lib_a-nano-msizer.o)

.debug
 *(.debug)

.line
 *(.line)

.debug_srcinfo
 *(.debug_srcinfo)

.debug_sfnames
 *(.debug_sfnames)

.debug_aranges  0x00000000      0x278
 *(.debug_aranges)
 .debug_aranges
                0x00000000       0x28 ./system/src/newlib/exit.o
 .debug_aranges
                0x00000028       0x20 ./system/src/newlib/sbrk.o
 .debug_aranges
                0x00000048       0x40 ./system/src/newlib/startup.o
 .debug_aranges
                0x00000088       0x30 ./system/src/newlib/syscalls.o
 .debug_aranges
                0x000000b8       0x30 ./system/src/diag/trace-impl.o
 .debug_aranges
                0x000000e8       0x38 ./system/src/diag/trace.o
 .debug_aranges
                0x00000120       0x90 ./system/src/cortexm/exception-handlers.o
 .debug_aranges
                0x000001b0       0x28 ./system/src/cortexm/initialize-hardware.o
 .debug_aranges
                0x000001d8       0x28 ./system/src/cmsis/system_DEVICE.o
 .debug_aranges
                0x00000200       0x20 ./system/src/cmsis/vectors_DEVICE.o
 .debug_aranges
                0x00000220       0x20 ./src/main.o
 .debug_aranges
                0x00000240       0x38 ./src/timer.o

.debug_pubnames
 *(.debug_pubnames)

.debug_info     0x00000000     0x213e
 *(.debug_info .gnu.linkonce.wi.*)
 .debug_info    0x00000000       0xef ./system/src/newlib/exit.o
 .debug_info    0x000000ef      0x11f ./system/src/newlib/sbrk.o
 .debug_info    0x0000020e      0x455 ./system/src/newlib/startup.o
 .debug_info    0x00000663      0x1c7 ./system/src/newlib/syscalls.o
 .debug_info    0x0000082a      0x30b ./system/src/diag/trace-impl.o
 .debug_info    0x00000b35      0x2e6 ./system/src/diag/trace.o
 .debug_info    0x00000e1b      0x8da ./system/src/cortexm/exception-handlers.o
 .debug_info    0x000016f5      0x2b1 ./system/src/cortexm/initialize-hardware.o
 .debug_info    0x000019a6       0xd1 ./system/src/cmsis/system_DEVICE.o
 .debug_info    0x00001a77       0xd0 ./system/src/cmsis/vectors_DEVICE.o
 .debug_info    0x00001b47       0xbd ./src/main.o
 .debug_info    0x00001c04      0x53a ./src/timer.o

.debug_abbrev   0x00000000      0xd5d
 *(.debug_abbrev)
 .debug_abbrev  0x00000000       0x8e ./system/src/newlib/exit.o
 .debug_abbrev  0x0000008e       0xb9 ./system/src/newlib/sbrk.o
 .debug_abbrev  0x00000147      0x1ac ./system/src/newlib/startup.o
 .debug_abbrev  0x000002f3       0xec ./system/src/newlib/syscalls.o
 .debug_abbrev  0x000003df      0x1c8 ./system/src/diag/trace-impl.o
 .debug_abbrev  0x000005a7      0x145 ./system/src/diag/trace.o
 .debug_abbrev  0x000006ec      0x247 ./system/src/cortexm/exception-handlers.o
 .debug_abbrev  0x00000933       0xea ./system/src/cortexm/initialize-hardware.o
 .debug_abbrev  0x00000a1d       0x7b ./system/src/cmsis/system_DEVICE.o
 .debug_abbrev  0x00000a98       0x9d ./system/src/cmsis/vectors_DEVICE.o
 .debug_abbrev  0x00000b35       0x68 ./src/main.o
 .debug_abbrev  0x00000b9d      0x1c0 ./src/timer.o

.debug_line     0x00000000     0x23ed
 *(.debug_line)
 .debug_line    0x00000000      0x33c ./system/src/newlib/exit.o
 .debug_line    0x0000033c      0x2ed ./system/src/newlib/sbrk.o
 .debug_line    0x00000629      0x3a3 ./system/src/newlib/startup.o
 .debug_line    0x000009cc      0x3fb ./system/src/newlib/syscalls.o
 .debug_line    0x00000dc7      0x425 ./system/src/diag/trace-impl.o
 .debug_line    0x000011ec      0x39e ./system/src/diag/trace.o
 .debug_line    0x0000158a      0x4c2 ./system/src/cortexm/exception-handlers.o
 .debug_line    0x00001a4c      0x174 ./system/src/cortexm/initialize-hardware.o
 .debug_line    0x00001bc0      0x15a ./system/src/cmsis/system_DEVICE.o
 .debug_line    0x00001d1a      0x100 ./system/src/cmsis/vectors_DEVICE.o
 .debug_line    0x00001e1a      0x3fd ./src/main.o
 .debug_line    0x00002217      0x1d6 ./src/timer.o

.debug_frame    0x00000000      0x76c
 *(.debug_frame)
 .debug_frame   0x00000000       0x38 ./system/src/newlib/exit.o
 .debug_frame   0x00000038       0x28 ./system/src/newlib/sbrk.o
 .debug_frame   0x00000060       0x7c ./system/src/newlib/startup.o
 .debug_frame   0x000000dc       0x50 ./system/src/newlib/syscalls.o
 .debug_frame   0x0000012c       0x60 ./system/src/diag/trace-impl.o
 .debug_frame   0x0000018c       0x94 ./system/src/diag/trace.o
 .debug_frame   0x00000220      0x158 ./system/src/cortexm/exception-handlers.o
 .debug_frame   0x00000378       0x40 ./system/src/cortexm/initialize-hardware.o
 .debug_frame   0x000003b8       0x30 ./system/src/cmsis/system_DEVICE.o
 .debug_frame   0x000003e8       0x20 ./system/src/cmsis/vectors_DEVICE.o
 .debug_frame   0x00000408       0x20 ./src/main.o
 .debug_frame   0x00000428       0x58 ./src/timer.o
 .debug_frame   0x00000480       0x20 c:/program files (x86)/gnu tools arm embedded/5.4 2016q2/bin/../lib/gcc/arm-none-eabi/5.4.1/../../../../arm-none-eabi/lib/armv7-m\libg_nano.a(lib_a-errno.o)
 .debug_frame   0x000004a0       0x28 c:/program files (x86)/gnu tools arm embedded/5.4 2016q2/bin/../lib/gcc/arm-none-eabi/5.4.1/../../../../arm-none-eabi/lib/armv7-m\libg_nano.a(lib_a-memcpy-stub.o)
 .debug_frame   0x000004c8       0x48 c:/program files (x86)/gnu tools arm embedded/5.4 2016q2/bin/../lib/gcc/arm-none-eabi/5.4.1/../../../../arm-none-eabi/lib/armv7-m\libg_nano.a(lib_a-vsnprintf.o)
 .debug_frame   0x00000510       0x90 c:/program files (x86)/gnu tools arm embedded/5.4 2016q2/bin/../lib/gcc/arm-none-eabi/5.4.1/../../../../arm-none-eabi/lib/armv7-m\libg_nano.a(lib_a-nano-svfprintf.o)
 .debug_frame   0x000005a0       0x60 c:/program files (x86)/gnu tools arm embedded/5.4 2016q2/bin/../lib/gcc/arm-none-eabi/5.4.1/../../../../arm-none-eabi/lib/armv7-m\libg_nano.a(lib_a-nano-vfprintf_i.o)
 .debug_frame   0x00000600       0x28 c:/program files (x86)/gnu tools arm embedded/5.4 2016q2/bin/../lib/gcc/arm-none-eabi/5.4.1/../../../../arm-none-eabi/lib/armv7-m\libg_nano.a(lib_a-memchr-stub.o)
 .debug_frame   0x00000628       0x28 c:/program files (x86)/gnu tools arm embedded/5.4 2016q2/bin/../lib/gcc/arm-none-eabi/5.4.1/../../../../arm-none-eabi/lib/armv7-m\libg_nano.a(lib_a-memmove.o)
 .debug_frame   0x00000650       0x38 c:/program files (x86)/gnu tools arm embedded/5.4 2016q2/bin/../lib/gcc/arm-none-eabi/5.4.1/../../../../arm-none-eabi/lib/armv7-m\libg_nano.a(lib_a-nano-freer.o)
 .debug_frame   0x00000688       0x2c c:/program files (x86)/gnu tools arm embedded/5.4 2016q2/bin/../lib/gcc/arm-none-eabi/5.4.1/../../../../arm-none-eabi/lib/armv7-m\libg_nano.a(lib_a-nano-mallocr.o)
 .debug_frame   0x000006b4       0x3c c:/program files (x86)/gnu tools arm embedded/5.4 2016q2/bin/../lib/gcc/arm-none-eabi/5.4.1/../../../../arm-none-eabi/lib/armv7-m\libg_nano.a(lib_a-nano-reallocr.o)
 .debug_frame   0x000006f0       0x2c c:/program files (x86)/gnu tools arm embedded/5.4 2016q2/bin/../lib/gcc/arm-none-eabi/5.4.1/../../../../arm-none-eabi/lib/armv7-m\libg_nano.a(lib_a-sbrkr.o)
 .debug_frame   0x0000071c       0x30 c:/program files (x86)/gnu tools arm embedded/5.4 2016q2/bin/../lib/gcc/arm-none-eabi/5.4.1/../../../../arm-none-eabi/lib/armv7-m\libg_nano.a(lib_a-mlock.o)
 .debug_frame   0x0000074c       0x20 c:/program files (x86)/gnu tools arm embedded/5.4 2016q2/bin/../lib/gcc/arm-none-eabi/5.4.1/../../../../arm-none-eabi/lib/armv7-m\libg_nano.a(lib_a-nano-msizer.o)

.debug_str      0x00000000     0xf0b3
 *(.debug_str)
 .debug_str     0x00000000     0x6cff ./system/src/newlib/exit.o
                               0x6e71 (size before relaxing)
 .debug_str     0x00006cff      0x4dd ./system/src/newlib/sbrk.o
                               0x625c (size before relaxing)
 .debug_str     0x000071dc      0xbc2 ./system/src/newlib/startup.o
                               0x5df5 (size before relaxing)
 .debug_str     0x00007d9e      0xe07 ./system/src/newlib/syscalls.o
                               0x70ac (size before relaxing)
 .debug_str     0x00008ba5     0x577f ./system/src/diag/trace-impl.o
                               0xc2c3 (size before relaxing)
 .debug_str     0x0000e324      0x884 ./system/src/diag/trace.o
                               0x7652 (size before relaxing)
 .debug_str     0x0000eba8      0x20c ./system/src/cortexm/exception-handlers.o
                               0xd091 (size before relaxing)
 .debug_str     0x0000edb4       0x5d ./system/src/cortexm/initialize-hardware.o
                               0x848f (size before relaxing)
 .debug_str     0x0000ee11       0x8e ./system/src/cmsis/system_DEVICE.o
                               0x843e (size before relaxing)
 .debug_str     0x0000ee9f       0x54 ./system/src/cmsis/vectors_DEVICE.o
                               0x300e (size before relaxing)
 .debug_str     0x0000eef3       0x3d ./src/main.o
                               0xd3be (size before relaxing)
 .debug_str     0x0000ef30      0x183 ./src/timer.o
                               0x8626 (size before relaxing)

.debug_loc      0x00000000      0x8c9
 *(.debug_loc)
 .debug_loc     0x00000000       0x82 ./system/src/newlib/sbrk.o
 .debug_loc     0x00000082      0x265 ./system/src/newlib/startup.o
 .debug_loc     0x000002e7       0x63 ./system/src/newlib/syscalls.o
 .debug_loc     0x0000034a      0x17c ./system/src/diag/trace-impl.o
 .debug_loc     0x000004c6      0x102 ./system/src/diag/trace.o
 .debug_loc     0x000005c8      0x2a8 ./system/src/cortexm/exception-handlers.o
 .debug_loc     0x00000870       0x59 ./src/timer.o

.debug_macinfo
 *(.debug_macinfo)

.debug_weaknames
 *(.debug_weaknames)

.debug_funcnames
 *(.debug_funcnames)

.debug_typenames
 *(.debug_typenames)

.debug_varnames
 *(.debug_varnames)
OUTPUT(MDR_VE9.elf elf32-littlearm)

.debug_ranges   0x00000000      0x200
 .debug_ranges  0x00000000       0x18 ./system/src/newlib/exit.o
 .debug_ranges  0x00000018       0x10 ./system/src/newlib/sbrk.o
 .debug_ranges  0x00000028       0x48 ./system/src/newlib/startup.o
 .debug_ranges  0x00000070       0x20 ./system/src/newlib/syscalls.o
 .debug_ranges  0x00000090       0x38 ./system/src/diag/trace-impl.o
 .debug_ranges  0x000000c8       0x28 ./system/src/diag/trace.o
 .debug_ranges  0x000000f0       0x98 ./system/src/cortexm/exception-handlers.o
 .debug_ranges  0x00000188       0x18 ./system/src/cortexm/initialize-hardware.o
 .debug_ranges  0x000001a0       0x18 ./system/src/cmsis/system_DEVICE.o
 .debug_ranges  0x000001b8       0x10 ./system/src/cmsis/vectors_DEVICE.o
 .debug_ranges  0x000001c8       0x10 ./src/main.o
 .debug_ranges  0x000001d8       0x28 ./src/timer.o

.debug_macro    0x00000000     0x3075
 .debug_macro   0x00000000      0x19c ./system/src/newlib/exit.o
 .debug_macro   0x0000019c      0x151 ./system/src/newlib/sbrk.o
 .debug_macro   0x000002ed      0x174 ./system/src/newlib/sbrk.o
 .debug_macro   0x00000461       0x10 ./system/src/newlib/sbrk.o
 .debug_macro   0x00000471      0x23b ./system/src/newlib/sbrk.o
 .debug_macro   0x000006ac      0x15b ./system/src/newlib/startup.o
 .debug_macro   0x00000807      0x1f5 ./system/src/newlib/syscalls.o
 .debug_macro   0x000009fc       0x1c ./system/src/newlib/syscalls.o
 .debug_macro   0x00000a18       0x10 ./system/src/newlib/syscalls.o
 .debug_macro   0x00000a28       0x10 ./system/src/newlib/syscalls.o
 .debug_macro   0x00000a38       0x10 ./system/src/newlib/syscalls.o
 .debug_macro   0x00000a48       0x35 ./system/src/newlib/syscalls.o
 .debug_macro   0x00000a7d      0x122 ./system/src/newlib/syscalls.o
 .debug_macro   0x00000b9f       0x88 ./system/src/newlib/syscalls.o
 .debug_macro   0x00000c27       0x2b ./system/src/newlib/syscalls.o
 .debug_macro   0x00000c52      0x118 ./system/src/newlib/syscalls.o
 .debug_macro   0x00000d6a      0x159 ./system/src/newlib/syscalls.o
 .debug_macro   0x00000ec3       0x16 ./system/src/newlib/syscalls.o
 .debug_macro   0x00000ed9      0x1cf ./system/src/diag/trace-impl.o
 .debug_macro   0x000010a8       0x2b ./system/src/diag/trace-impl.o
 .debug_macro   0x000010d3       0x1c ./system/src/diag/trace-impl.o
 .debug_macro   0x000010ef       0x22 ./system/src/diag/trace-impl.o
 .debug_macro   0x00001111       0xc3 ./system/src/diag/trace-impl.o
 .debug_macro   0x000011d4      0xd15 ./system/src/diag/trace-impl.o
 .debug_macro   0x00001ee9       0x43 ./system/src/diag/trace-impl.o
 .debug_macro   0x00001f2c       0x10 ./system/src/diag/trace-impl.o
 .debug_macro   0x00001f3c       0xcf ./system/src/diag/trace-impl.o
 .debug_macro   0x0000200b      0x307 ./system/src/diag/trace-impl.o
 .debug_macro   0x00002312       0xbe ./system/src/diag/trace-impl.o
 .debug_macro   0x000023d0       0x22 ./system/src/diag/trace-impl.o
 .debug_macro   0x000023f2      0x1c9 ./system/src/diag/trace.o
 .debug_macro   0x000025bb       0x16 ./system/src/diag/trace.o
 .debug_macro   0x000025d1       0x97 ./system/src/diag/trace.o
 .debug_macro   0x00002668       0xfd ./system/src/diag/trace.o
 .debug_macro   0x00002765       0x10 ./system/src/diag/trace.o
 .debug_macro   0x00002775       0x16 ./system/src/diag/trace.o
 .debug_macro   0x0000278b      0x189 ./system/src/diag/trace.o
 .debug_macro   0x00002914       0x52 ./system/src/diag/trace.o
 .debug_macro   0x00002966       0x16 ./system/src/diag/trace.o
 .debug_macro   0x0000297c      0x20b ./system/src/cortexm/exception-handlers.o
 .debug_macro   0x00002b87       0x10 ./system/src/cortexm/exception-handlers.o
 .debug_macro   0x00002b97       0x78 ./system/src/cortexm/initialize-hardware.o
 .debug_macro   0x00002c0f       0x86 ./system/src/cmsis/system_DEVICE.o
 .debug_macro   0x00002c95       0x34 ./system/src/cmsis/vectors_DEVICE.o
 .debug_macro   0x00002cc9      0x24e ./src/main.o
 .debug_macro   0x00002f17       0xbd ./src/main.o
 .debug_macro   0x00002fd4       0x91 ./src/timer.o
 .debug_macro   0x00003065       0x10 ./src/timer.o
