Archive member included to satisfy reference by file (symbol)

c:/program files (x86)/gnu tools arm embedded/5.4 2016q2/bin/../lib/gcc/arm-none-eabi/5.4.1/../../../../arm-none-eabi/lib/armv7-m\libg.a(lib_a-exit.o)
                              c:/program files (x86)/gnu tools arm embedded/5.4 2016q2/bin/../lib/gcc/arm-none-eabi/5.4.1/../../../../arm-none-eabi/lib/armv7-m/crt0.o (exit)
c:/program files (x86)/gnu tools arm embedded/5.4 2016q2/bin/../lib/gcc/arm-none-eabi/5.4.1/../../../../arm-none-eabi/lib/armv7-m\libg.a(lib_a-impure.o)
                              c:/program files (x86)/gnu tools arm embedded/5.4 2016q2/bin/../lib/gcc/arm-none-eabi/5.4.1/../../../../arm-none-eabi/lib/armv7-m\libg.a(lib_a-exit.o) (_global_impure_ptr)
c:/program files (x86)/gnu tools arm embedded/5.4 2016q2/bin/../lib/gcc/arm-none-eabi/5.4.1/../../../../arm-none-eabi/lib/armv7-m\libg.a(lib_a-init.o)
                              c:/program files (x86)/gnu tools arm embedded/5.4 2016q2/bin/../lib/gcc/arm-none-eabi/5.4.1/../../../../arm-none-eabi/lib/armv7-m/crt0.o (__libc_init_array)
c:/program files (x86)/gnu tools arm embedded/5.4 2016q2/bin/../lib/gcc/arm-none-eabi/5.4.1/../../../../arm-none-eabi/lib/armv7-m\libg.a(lib_a-memset.o)
                              c:/program files (x86)/gnu tools arm embedded/5.4 2016q2/bin/../lib/gcc/arm-none-eabi/5.4.1/../../../../arm-none-eabi/lib/armv7-m/crt0.o (memset)
c:/program files (x86)/gnu tools arm embedded/5.4 2016q2/bin/../lib/gcc/arm-none-eabi/5.4.1/../../../../arm-none-eabi/lib/armv7-m\libg.a(lib_a-__call_atexit.o)
                              c:/program files (x86)/gnu tools arm embedded/5.4 2016q2/bin/../lib/gcc/arm-none-eabi/5.4.1/../../../../arm-none-eabi/lib/armv7-m\libg.a(lib_a-exit.o) (__call_exitprocs)
c:/program files (x86)/gnu tools arm embedded/5.4 2016q2/bin/../lib/gcc/arm-none-eabi/5.4.1/../../../../arm-none-eabi/lib/armv7-m\libg.a(lib_a-atexit.o)
                              c:/program files (x86)/gnu tools arm embedded/5.4 2016q2/bin/../lib/gcc/arm-none-eabi/5.4.1/../../../../arm-none-eabi/lib/armv7-m\libg.a(lib_a-__call_atexit.o) (atexit)
c:/program files (x86)/gnu tools arm embedded/5.4 2016q2/bin/../lib/gcc/arm-none-eabi/5.4.1/../../../../arm-none-eabi/lib/armv7-m\libg.a(lib_a-fini.o)
                              c:/program files (x86)/gnu tools arm embedded/5.4 2016q2/bin/../lib/gcc/arm-none-eabi/5.4.1/../../../../arm-none-eabi/lib/armv7-m\libg.a(lib_a-__call_atexit.o) (__libc_fini_array)
c:/program files (x86)/gnu tools arm embedded/5.4 2016q2/bin/../lib/gcc/arm-none-eabi/5.4.1/../../../../arm-none-eabi/lib/armv7-m\libg.a(lib_a-__atexit.o)
                              c:/program files (x86)/gnu tools arm embedded/5.4 2016q2/bin/../lib/gcc/arm-none-eabi/5.4.1/../../../../arm-none-eabi/lib/armv7-m\libg.a(lib_a-atexit.o) (__register_exitproc)

Allocating common symbols
Common symbol       size              file

DMA_ControlTable    0x400             ./base_inc/MDR32F9Qx_StdPeriph_Driver/src/MDR32F9Qx_dma.o

Discarded input sections

 .text          0x00000000        0x0 c:/program files (x86)/gnu tools arm embedded/5.4 2016q2/bin/../lib/gcc/arm-none-eabi/5.4.1/armv7-m/crti.o
 .data          0x00000000        0x0 c:/program files (x86)/gnu tools arm embedded/5.4 2016q2/bin/../lib/gcc/arm-none-eabi/5.4.1/armv7-m/crti.o
 .bss           0x00000000        0x0 c:/program files (x86)/gnu tools arm embedded/5.4 2016q2/bin/../lib/gcc/arm-none-eabi/5.4.1/armv7-m/crti.o
 .data          0x00000000        0x4 c:/program files (x86)/gnu tools arm embedded/5.4 2016q2/bin/../lib/gcc/arm-none-eabi/5.4.1/armv7-m/crtbegin.o
 .text          0x00000000       0x74 c:/program files (x86)/gnu tools arm embedded/5.4 2016q2/bin/../lib/gcc/arm-none-eabi/5.4.1/../../../../arm-none-eabi/lib/armv7-m/crt0.o
 .data          0x00000000        0x0 c:/program files (x86)/gnu tools arm embedded/5.4 2016q2/bin/../lib/gcc/arm-none-eabi/5.4.1/../../../../arm-none-eabi/lib/armv7-m/crt0.o
 .bss           0x00000000        0x0 c:/program files (x86)/gnu tools arm embedded/5.4 2016q2/bin/../lib/gcc/arm-none-eabi/5.4.1/../../../../arm-none-eabi/lib/armv7-m/crt0.o
 .ARM.extab     0x00000000        0x0 c:/program files (x86)/gnu tools arm embedded/5.4 2016q2/bin/../lib/gcc/arm-none-eabi/5.4.1/../../../../arm-none-eabi/lib/armv7-m/crt0.o
 .ARM.exidx     0x00000000        0x8 c:/program files (x86)/gnu tools arm embedded/5.4 2016q2/bin/../lib/gcc/arm-none-eabi/5.4.1/../../../../arm-none-eabi/lib/armv7-m/crt0.o
 .ARM.attributes
                0x00000000       0x1b c:/program files (x86)/gnu tools arm embedded/5.4 2016q2/bin/../lib/gcc/arm-none-eabi/5.4.1/../../../../arm-none-eabi/lib/armv7-m/crt0.o
 .group         0x00000000        0x8 ./src/main.o
 .text          0x00000000        0x0 ./src/main.o
 .data          0x00000000        0x0 ./src/main.o
 .bss           0x00000000        0x0 ./src/main.o
 .text.main     0x00000000        0x4 ./src/main.o
 .debug_info    0x00000000       0x3b ./src/main.o
[...]
Memory Configuration

Name             Origin             Length             Attributes
FLASH            0x08000000         0x00020000         xr
RAM              0x20000000         0x00008000         xrw
*default*        0x00000000         0xffffffff

Linker script and memory map

LOAD c:/program files (x86)/gnu tools arm embedded/5.4 2016q2/bin/../lib/gcc/arm-none-eabi/5.4.1/armv7-m/crti.o
LOAD c:/program files (x86)/gnu tools arm embedded/5.4 2016q2/bin/../lib/gcc/arm-none-eabi/5.4.1/armv7-m/crtbegin.o
LOAD c:/program files (x86)/gnu tools arm embedded/5.4 2016q2/bin/../lib/gcc/arm-none-eabi/5.4.1/../../../../arm-none-eabi/lib/armv7-m/crt0.o
LOAD ./src/main.o
LOAD ./base_inc/MDR32F9Qx_StdPeriph_Driver/src/MDR32F9Qx_adc.o
LOAD ./base_inc/MDR32F9Qx_StdPeriph_Driver/src/MDR32F9Qx_bkp.o
LOAD ./base_inc/MDR32F9Qx_StdPeriph_Driver/src/MDR32F9Qx_can.o
LOAD ./base_inc/MDR32F9Qx_StdPeriph_Driver/src/MDR32F9Qx_comp.o
LOAD ./base_inc/MDR32F9Qx_StdPeriph_Driver/src/MDR32F9Qx_dac.o
LOAD ./base_inc/MDR32F9Qx_StdPeriph_Driver/src/MDR32F9Qx_dma.o
LOAD ./base_inc/MDR32F9Qx_StdPeriph_Driver/src/MDR32F9Qx_ebc.o
LOAD ./base_inc/MDR32F9Qx_StdPeriph_Driver/src/MDR32F9Qx_eeprom.o
LOAD ./base_inc/MDR32F9Qx_StdPeriph_Driver/src/MDR32F9Qx_i2c.o
LOAD ./base_inc/MDR32F9Qx_StdPeriph_Driver/src/MDR32F9Qx_iwdg.o
LOAD ./base_inc/MDR32F9Qx_StdPeriph_Driver/src/MDR32F9Qx_port.o
LOAD ./base_inc/MDR32F9Qx_StdPeriph_Driver/src/MDR32F9Qx_power.o
LOAD ./base_inc/MDR32F9Qx_StdPeriph_Driver/src/MDR32F9Qx_rst_clk.o
LOAD ./base_inc/MDR32F9Qx_StdPeriph_Driver/src/MDR32F9Qx_ssp.o
LOAD ./base_inc/MDR32F9Qx_StdPeriph_Driver/src/MDR32F9Qx_timer.o
LOAD ./base_inc/MDR32F9Qx_StdPeriph_Driver/src/MDR32F9Qx_uart.o
LOAD ./base_inc/MDR32F9Qx_StdPeriph_Driver/src/MDR32F9Qx_usb.o
LOAD ./base_inc/MDR32F9Qx_StdPeriph_Driver/src/MDR32F9Qx_wwdg.o
LOAD ./base_inc/CMSIS/CM3/DeviceSupport/MDR32F9Qx/startup/gcc/startup_MDR32F9Qx.o
LOAD ./base_inc/CMSIS/CM3/DeviceSupport/MDR32F9Qx/startup/system_MDR32F9Qx.o
START GROUP
LOAD c:/program files (x86)/gnu tools arm embedded/5.4 2016q2/bin/../lib/gcc/arm-none-eabi/5.4.1/armv7-m\libgcc.a
LOAD c:/program files (x86)/gnu tools arm embedded/5.4 2016q2/bin/../lib/gcc/arm-none-eabi/5.4.1/../../../../arm-none-eabi/lib/armv7-m\libg.a
LOAD c:/program files (x86)/gnu tools arm embedded/5.4 2016q2/bin/../lib/gcc/arm-none-eabi/5.4.1/../../../../arm-none-eabi/lib/armv7-m\libc.a
END GROUP
LOAD c:/program files (x86)/gnu tools arm embedded/5.4 2016q2/bin/../lib/gcc/arm-none-eabi/5.4.1/armv7-m/crtend.o
LOAD c:/program files (x86)/gnu tools arm embedded/5.4 2016q2/bin/../lib/gcc/arm-none-eabi/5.4.1/armv7-m/crtn.o

.text           0x08000000      0x33c
 *(.isr_vector)
 .isr_vector    0x08000000       0xc0 ./base_inc/CMSIS/CM3/DeviceSupport/MDR32F9Qx/startup/gcc/startup_MDR32F9Qx.o
                0x08000000                __isr_vector
 *(.text*)
 .text          0x080000c0       0x5c c:/program files (x86)/gnu tools arm embedded/5.4 2016q2/bin/../lib/gcc/arm-none-eabi/5.4.1/armv7-m/crtbegin.o
 .text          0x0800011c       0x44 ./base_inc/CMSIS/CM3/DeviceSupport/MDR32F9Qx/startup/gcc/startup_MDR32F9Qx.o
                0x0800011c                Reset_Handler
                0x0800015c                HardFault_Handler
                0x0800015c                SysTick_Handler
                0x0800015c                EXT_INT1_IRQHandler
                0x0800015c                PendSV_Handler
                0x0800015c                NMI_Handler
                0x0800015c                UART1_IRQHandler
                0x0800015c                CAN1_IRQHandler
                0x0800015c                COMPARATOR_IRQHandler
                0x0800015c                POWER_IRQHandler
                0x0800015c                UsageFault_Handler
                0x0800015c                Timer3_IRQHandler
                0x0800015c                BACKUP_IRQHandler
                0x0800015c                DebugMon_Handler
                0x0800015c                UART2_IRQHandler
                0x0800015c                Timer2_IRQHandler
                0x0800015c                EXT_INT2_IRQHandler
                0x0800015c                Default_Handler
                0x0800015c                ADC_IRQHandler
                0x0800015c                SSP1_IRQHandler
                0x0800015c                USB_IRQHandler
                0x0800015c                Timer1_IRQHandler
                0x0800015c                EXT_INT3_IRQHandler
                0x0800015c                I2C_IRQHandler
                0x0800015c                MemManage_Handler
                0x0800015c                EXT_INT4_IRQHandler
                0x0800015c                SVC_Handler
                0x0800015c                WWDG_IRQHandler
                0x0800015c                SSP2_IRQHandler
                0x0800015c                DMA_IRQHandler
                0x0800015c                CAN2_IRQHandler
                0x0800015c                BusFault_Handler
 .text.SystemCoreClockUpdate
                0x08000160       0x90 ./base_inc/CMSIS/CM3/DeviceSupport/MDR32F9Qx/startup/system_MDR32F9Qx.o
                0x08000160                SystemCoreClockUpdate
 .text.SystemInit
                0x080001f0       0x34 ./base_inc/CMSIS/CM3/DeviceSupport/MDR32F9Qx/startup/system_MDR32F9Qx.o
                0x080001f0                SystemInit
 .text.startup.register_fini
                0x08000224       0x14 c:/program files (x86)/gnu tools arm embedded/5.4 2016q2/bin/../lib/gcc/arm-none-eabi/5.4.1/../../../../arm-none-eabi/lib/armv7-m\libg.a(lib_a-__call_atexit.o)
 .text.atexit   0x08000238        0xc c:/program files (x86)/gnu tools arm embedded/5.4 2016q2/bin/../lib/gcc/arm-none-eabi/5.4.1/../../../../arm-none-eabi/lib/armv7-m\libg.a(lib_a-atexit.o)
                0x08000238                atexit
 .text.__libc_fini_array
                0x08000244       0x28 c:/program files (x86)/gnu tools arm embedded/5.4 2016q2/bin/../lib/gcc/arm-none-eabi/5.4.1/../../../../arm-none-eabi/lib/armv7-m\libg.a(lib_a-fini.o)
                0x08000244                __libc_fini_array
 .text.__register_exitproc
                0x0800026c       0xa4 c:/program files (x86)/gnu tools arm embedded/5.4 2016q2/bin/../lib/gcc/arm-none-eabi/5.4.1/../../../../arm-none-eabi/lib/armv7-m\libg.a(lib_a-__atexit.o)
                0x0800026c                __register_exitproc
 *(.init)
 .init          0x08000310        0x4 c:/program files (x86)/gnu tools arm embedded/5.4 2016q2/bin/../lib/gcc/arm-none-eabi/5.4.1/armv7-m/crti.o
                0x08000310                _init
 .init          0x08000314        0x8 c:/program files (x86)/gnu tools arm embedded/5.4 2016q2/bin/../lib/gcc/arm-none-eabi/5.4.1/armv7-m/crtn.o
 *(.fini)
 .fini          0x0800031c        0x4 c:/program files (x86)/gnu tools arm embedded/5.4 2016q2/bin/../lib/gcc/arm-none-eabi/5.4.1/armv7-m/crti.o
                0x0800031c                _fini
 .fini          0x08000320        0x8 c:/program files (x86)/gnu tools arm embedded/5.4 2016q2/bin/../lib/gcc/arm-none-eabi/5.4.1/armv7-m/crtn.o
 .fini.__stub   0x08000328        0x8 linker stubs
 *crtbegin.o(.ctors)
 *crtbegin?.o(.ctors)
 *(EXCLUDE_FILE(*crtend.o *crtend?.o) .ctors)
 *(SORT(.ctors.*))
 *(.ctors)
 *crtbegin.o(.dtors)
 *crtbegin?.o(.dtors)
 *(EXCLUDE_FILE(*crtend.o *crtend?.o) .dtors)
 *(SORT(.dtors.*))
 *(.dtors)
 *(.rodata*)
 .rodata.str1.4
                0x08000330        0x4 c:/program files (x86)/gnu tools arm embedded/5.4 2016q2/bin/../lib/gcc/arm-none-eabi/5.4.1/../../../../arm-none-eabi/lib/armv7-m\libg.a(lib_a-impure.o)
                                  0x2 (size before relaxing)
 .rodata._global_impure_ptr
                0x08000334        0x4 c:/program files (x86)/gnu tools arm embedded/5.4 2016q2/bin/../lib/gcc/arm-none-eabi/5.4.1/../../../../arm-none-eabi/lib/armv7-m\libg.a(lib_a-impure.o)
                0x08000334                _global_impure_ptr
 *(.eh_frame*)
 .eh_frame      0x08000338        0x0 c:/program files (x86)/gnu tools arm embedded/5.4 2016q2/bin/../lib/gcc/arm-none-eabi/5.4.1/armv7-m/crtbegin.o
 .eh_frame      0x08000338        0x4 c:/program files (x86)/gnu tools arm embedded/5.4 2016q2/bin/../lib/gcc/arm-none-eabi/5.4.1/armv7-m/crtend.o

.glue_7         0x0800033c        0x0
 .glue_7        0x0800033c        0x0 linker stubs

.glue_7t        0x0800033c        0x0
 .glue_7t       0x0800033c        0x0 linker stubs

.vfp11_veneer   0x0800033c        0x0
 .vfp11_veneer  0x0800033c        0x0 linker stubs

.v4_bx          0x0800033c        0x0
 .v4_bx         0x0800033c        0x0 linker stubs

.iplt           0x0800033c        0x0
 .iplt          0x0800033c        0x0 c:/program files (x86)/gnu tools arm embedded/5.4 2016q2/bin/../lib/gcc/arm-none-eabi/5.4.1/armv7-m/crtbegin.o

.rel.dyn        0x0800033c        0x0
 .rel.iplt      0x0800033c        0x0 c:/program files (x86)/gnu tools arm embedded/5.4 2016q2/bin/../lib/gcc/arm-none-eabi/5.4.1/armv7-m/crtbegin.o

.ARM.extab
 *(.ARM.extab* .gnu.linkonce.armextab.*)
                0x0800033c                __exidx_start = .

.ARM.exidx
 *(.ARM.exidx* .gnu.linkonce.armexidx.*)
                0x0800033c                __exidx_end = .
                0x0800033c                __etext = .

.data           0x20000000      0x440 load address 0x0800033c
                0x20000000                __data_start__ = .
 *(.ramfunc*)
                0x20000000                . = ALIGN (0x4)
 *(vtable)
 *(.data*)
 .data.SystemCoreClock
                0x20000000        0x4 ./base_inc/CMSIS/CM3/DeviceSupport/MDR32F9Qx/startup/system_MDR32F9Qx.o
                0x20000000                SystemCoreClock
 *fill*         0x20000004        0x4 
 .data.impure_data
                0x20000008      0x428 c:/program files (x86)/gnu tools arm embedded/5.4 2016q2/bin/../lib/gcc/arm-none-eabi/5.4.1/../../../../arm-none-eabi/lib/armv7-m\libg.a(lib_a-impure.o)
                0x20000430                . = ALIGN (0x4)
                0x20000430                PROVIDE (__preinit_array_start, .)
 *(.preinit_array)
                0x20000430                PROVIDE (__preinit_array_end, .)
                0x20000430                . = ALIGN (0x4)
                0x20000430                PROVIDE (__init_array_start, .)
 *(SORT(.init_array.*))
 .init_array.00000
                0x20000430        0x4 c:/program files (x86)/gnu tools arm embedded/5.4 2016q2/bin/../lib/gcc/arm-none-eabi/5.4.1/../../../../arm-none-eabi/lib/armv7-m\libg.a(lib_a-__call_atexit.o)
 *(.init_array)
 .init_array    0x20000434        0x4 c:/program files (x86)/gnu tools arm embedded/5.4 2016q2/bin/../lib/gcc/arm-none-eabi/5.4.1/armv7-m/crtbegin.o
                0x20000438                PROVIDE (__init_array_end, .)
                0x20000438                . = ALIGN (0x4)
                0x20000438                PROVIDE (__fini_array_start, .)
 *(SORT(.fini_array.*))
 *(.fini_array)
 .fini_array    0x20000438        0x4 c:/program files (x86)/gnu tools arm embedded/5.4 2016q2/bin/../lib/gcc/arm-none-eabi/5.4.1/armv7-m/crtbegin.o
                0x2000043c                PROVIDE (__fini_array_end, .)
 *(.jcr*)
 .jcr           0x2000043c        0x0 c:/program files (x86)/gnu tools arm embedded/5.4 2016q2/bin/../lib/gcc/arm-none-eabi/5.4.1/armv7-m/crtbegin.o
 .jcr           0x2000043c        0x4 c:/program files (x86)/gnu tools arm embedded/5.4 2016q2/bin/../lib/gcc/arm-none-eabi/5.4.1/armv7-m/crtend.o
                0x20000440                . = ALIGN (0x4)
                0x20000440                __data_end__ = .

.igot.plt       0x20000440        0x0 load address 0x0800077c
 .igot.plt      0x20000440        0x0 c:/program files (x86)/gnu tools arm embedded/5.4 2016q2/bin/../lib/gcc/arm-none-eabi/5.4.1/armv7-m/crtbegin.o

.bss            0x20000440       0x1c load address 0x0800077c
                0x20000440                . = ALIGN (0x4)
                0x20000440                __bss_start__ = .
 *(.bss*)
 .bss           0x20000440       0x1c c:/program files (x86)/gnu tools arm embedded/5.4 2016q2/bin/../lib/gcc/arm-none-eabi/5.4.1/armv7-m/crtbegin.o
 *(COMMON)
                0x2000045c                . = ALIGN (0x4)
                0x2000045c                __bss_end__ = .

.heap           0x20000460        0x0
                0x20000460                __end__ = .
                [!provide]                PROVIDE (end, .)
 *(.heap*)
 .heap          0x20000460        0x0 ./base_inc/CMSIS/CM3/DeviceSupport/MDR32F9Qx/startup/gcc/startup_MDR32F9Qx.o
                0x20000460                __HeapLimit = .

.stack_dummy    0x20000460      0xc00
 *(.stack*)
 .stack         0x20000460      0xc00 ./base_inc/CMSIS/CM3/DeviceSupport/MDR32F9Qx/startup/gcc/startup_MDR32F9Qx.o
                0x20008000                __StackTop = (ORIGIN (RAM) + LENGTH (RAM))
                0x20007400                __StackLimit = (__StackTop - SIZEOF (.stack_dummy))
                0x20008000                PROVIDE (__stack, __StackTop)
                0x00000001                ASSERT ((__StackLimit >= __HeapLimit), region RAM overflowed with stack)
OUTPUT(test-197.elf elf32-littlearm)

.ARM.attributes
                0x00000000       0x29
 .ARM.attributes
                0x00000000       0x1d c:/program files (x86)/gnu tools arm embedded/5.4 2016q2/bin/../lib/gcc/arm-none-eabi/5.4.1/armv7-m/crti.o
 .ARM.attributes
                0x0000001d       0x2d c:/program files (x86)/gnu tools arm embedded/5.4 2016q2/bin/../lib/gcc/arm-none-eabi/5.4.1/armv7-m/crtbegin.o
 .ARM.attributes
                0x0000004a       0x1b ./base_inc/CMSIS/CM3/DeviceSupport/MDR32F9Qx/startup/gcc/startup_MDR32F9Qx.o
 .ARM.attributes
                0x00000065       0x33 ./base_inc/CMSIS/CM3/DeviceSupport/MDR32F9Qx/startup/system_MDR32F9Qx.o
 .ARM.attributes
                0x00000098       0x2d c:/program files (x86)/gnu tools arm embedded/5.4 2016q2/bin/../lib/gcc/arm-none-eabi/5.4.1/../../../../arm-none-eabi/lib/armv7-m\libg.a(lib_a-impure.o)
 .ARM.attributes
                0x000000c5       0x2d c:/program files (x86)/gnu tools arm embedded/5.4 2016q2/bin/../lib/gcc/arm-none-eabi/5.4.1/../../../../arm-none-eabi/lib/armv7-m\libg.a(lib_a-__call_atexit.o)
 .ARM.attributes
                0x000000f2       0x2d c:/program files (x86)/gnu tools arm embedded/5.4 2016q2/bin/../lib/gcc/arm-none-eabi/5.4.1/../../../../arm-none-eabi/lib/armv7-m\libg.a(lib_a-atexit.o)
 .ARM.attributes
                0x0000011f       0x2d c:/program files (x86)/gnu tools arm embedded/5.4 2016q2/bin/../lib/gcc/arm-none-eabi/5.4.1/../../../../arm-none-eabi/lib/armv7-m\libg.a(lib_a-fini.o)
 .ARM.attributes
                0x0000014c       0x2d c:/program files (x86)/gnu tools arm embedded/5.4 2016q2/bin/../lib/gcc/arm-none-eabi/5.4.1/../../../../arm-none-eabi/lib/armv7-m\libg.a(lib_a-__atexit.o)
 .ARM.attributes
                0x00000179       0x2d c:/program files (x86)/gnu tools arm embedded/5.4 2016q2/bin/../lib/gcc/arm-none-eabi/5.4.1/armv7-m/crtend.o
 .ARM.attributes
                0x000001a6       0x1d c:/program files (x86)/gnu tools arm embedded/5.4 2016q2/bin/../lib/gcc/arm-none-eabi/5.4.1/armv7-m/crtn.o

.comment        0x00000000       0x6e
 .comment       0x00000000       0x6e ./base_inc/CMSIS/CM3/DeviceSupport/MDR32F9Qx/startup/system_MDR32F9Qx.o
                                 0x6f (size before relaxing)

.debug_line     0x00000000      0x543
 .debug_line    0x00000000       0x9d ./base_inc/CMSIS/CM3/DeviceSupport/MDR32F9Qx/startup/gcc/startup_MDR32F9Qx.o
 .debug_line    0x0000009d      0x4a6 ./base_inc/CMSIS/CM3/DeviceSupport/MDR32F9Qx/startup/system_MDR32F9Qx.o

.debug_info     0x00000000      0x472
 .debug_info    0x00000000       0xb2 ./base_inc/CMSIS/CM3/DeviceSupport/MDR32F9Qx/startup/gcc/startup_MDR32F9Qx.o
 .debug_info    0x000000b2      0x3c0 ./base_inc/CMSIS/CM3/DeviceSupport/MDR32F9Qx/startup/system_MDR32F9Qx.o

.debug_abbrev   0x00000000      0x114
 .debug_abbrev  0x00000000       0x14 ./base_inc/CMSIS/CM3/DeviceSupport/MDR32F9Qx/startup/gcc/startup_MDR32F9Qx.o
 .debug_abbrev  0x00000014      0x100 ./base_inc/CMSIS/CM3/DeviceSupport/MDR32F9Qx/startup/system_MDR32F9Qx.o

.debug_aranges  0x00000000       0x48
 .debug_aranges
                0x00000000       0x20 ./base_inc/CMSIS/CM3/DeviceSupport/MDR32F9Qx/startup/gcc/startup_MDR32F9Qx.o
 .debug_aranges
                0x00000020       0x28 ./base_inc/CMSIS/CM3/DeviceSupport/MDR32F9Qx/startup/system_MDR32F9Qx.o

.debug_loc      0x00000000       0xb3
 .debug_loc     0x00000000       0xb3 ./base_inc/CMSIS/CM3/DeviceSupport/MDR32F9Qx/startup/system_MDR32F9Qx.o

.debug_ranges   0x00000000       0x18
 .debug_ranges  0x00000000       0x18 ./base_inc/CMSIS/CM3/DeviceSupport/MDR32F9Qx/startup/system_MDR32F9Qx.o

.debug_macro    0x00000000       0xb7
 .debug_macro   0x00000000       0xb7 ./base_inc/CMSIS/CM3/DeviceSupport/MDR32F9Qx/startup/system_MDR32F9Qx.o

.debug_str      0x00000000    0x14f43
 .debug_str     0x00000000    0x14f43 ./base_inc/CMSIS/CM3/DeviceSupport/MDR32F9Qx/startup/system_MDR32F9Qx.o
                              0x150b7 (size before relaxing)

.debug_frame    0x00000000      0x110
 .debug_frame   0x00000000       0x38 ./base_inc/CMSIS/CM3/DeviceSupport/MDR32F9Qx/startup/system_MDR32F9Qx.o
 .debug_frame   0x00000038       0x50 c:/program files (x86)/gnu tools arm embedded/5.4 2016q2/bin/../lib/gcc/arm-none-eabi/5.4.1/../../../../arm-none-eabi/lib/armv7-m\libg.a(lib_a-__call_atexit.o)
 .debug_frame   0x00000088       0x20 c:/program files (x86)/gnu tools arm embedded/5.4 2016q2/bin/../lib/gcc/arm-none-eabi/5.4.1/../../../../arm-none-eabi/lib/armv7-m\libg.a(lib_a-atexit.o)
 .debug_frame   0x000000a8       0x34 c:/program files (x86)/gnu tools arm embedded/5.4 2016q2/bin/../lib/gcc/arm-none-eabi/5.4.1/../../../../arm-none-eabi/lib/armv7-m\libg.a(lib_a-fini.o)
 .debug_frame   0x000000dc       0x34 c:/program files (x86)/gnu tools arm embedded/5.4 2016q2/bin/../lib/gcc/arm-none-eabi/5.4.1/../../../../arm-none-eabi/lib/armv7-m\libg.a(lib_a-__atexit.o)
